******************************************************************************
             TMS320C2000 Linker PC v6.4.3                      
******************************************************************************
>> Linked Sat May 02 12:06:05 2015

OUTPUT FILE NAME:   <MSEController.out>
ENTRY POINT SYMBOL: "_c_int00"  address: 000097b6


MEMORY CONFIGURATION

         name            origin    length      used     unused   attr    fill
----------------------  --------  ---------  --------  --------  ----  --------
PAGE 0:
  BEGIN                 00000000   00000002  00000000  00000002  RWIX
  RAMM0                 00000050   000003b0  00000000  000003b0  RWIX
  RAML0                 00008000   00001000  000000e4  00000f1c  RWIX
  RAML1                 00009000   00001000  00000987  00000679  RWIX
  RAML2                 0000a000   00001000  00000000  00001000  RWIX
  RAML3                 0000b000   00001000  00000000  00001000  RWIX
  ZONE7A                00200000   0000fc00  00000000  0000fc00  RWIX
  CSM_RSVD              0033ff80   00000076  00000000  00000076  RWIX
  CSM_PWL               0033fff8   00000008  00000000  00000008  RWIX
  ADC_CAL               00380080   00000009  00000007  00000002  RWIX
  IQTABLES              003fe000   00000b50  00000000  00000b50  RWIX
  IQTABLES2             003feb50   0000008c  00000000  0000008c  RWIX
  FPUTABLES             003febdc   000006a0  00000000  000006a0  RWIX
  BOOTROM               003ff27c   00000d44  00000000  00000d44  RWIX
  RESET                 003fffc0   00000002  00000000  00000002  RWIX

PAGE 1:
  BOOT_RSVD             00000002   0000004e  00000000  0000004e  RWIX
  RAMM1                 00000400   00000400  00000400  00000000  RWIX
  DEV_EMU               00000880   00000180  000000d0  000000b0  RWIX
  FLASH_REGS            00000a80   00000060  00000008  00000058  RWIX
  CSM                   00000ae0   00000010  00000010  00000000  RWIX
  ADC_MIRROR            00000b00   00000010  00000010  00000000  RWIX
  XINTF                 00000b20   00000020  0000001e  00000002  RWIX
  CPU_TIMER0            00000c00   00000008  00000008  00000000  RWIX
  CPU_TIMER1            00000c08   00000008  00000008  00000000  RWIX
  CPU_TIMER2            00000c10   00000008  00000008  00000000  RWIX
  PIE_CTRL              00000ce0   00000020  0000001a  00000006  RWIX
  PIE_VECT              00000d00   00000100  00000100  00000000  RWIX
  DMA                   00001000   00000200  000000e0  00000120  RWIX
  MCBSPA                00005000   00000040  00000025  0000001b  RWIX
  MCBSPB                00005040   00000040  00000025  0000001b  RWIX
  ECANA                 00006000   00000040  00000034  0000000c  RWIX
  ECANA_LAM             00006040   00000040  00000040  00000000  RWIX
  ECANA_MOTS            00006080   00000040  00000040  00000000  RWIX
  ECANA_MOTO            000060c0   00000040  00000040  00000000  RWIX
  ECANA_MBOX            00006100   00000100  00000100  00000000  RWIX
  ECANB                 00006200   00000040  00000034  0000000c  RWIX
  ECANB_LAM             00006240   00000040  00000040  00000000  RWIX
  ECANB_MOTS            00006280   00000040  00000040  00000000  RWIX
  ECANB_MOTO            000062c0   00000040  00000040  00000000  RWIX
  ECANB_MBOX            00006300   00000100  00000100  00000000  RWIX
  EPWM1                 00006800   00000022  00000022  00000000  RWIX
  EPWM2                 00006840   00000022  00000022  00000000  RWIX
  EPWM3                 00006880   00000022  00000022  00000000  RWIX
  EPWM4                 000068c0   00000022  00000022  00000000  RWIX
  EPWM5                 00006900   00000022  00000022  00000000  RWIX
  EPWM6                 00006940   00000022  00000022  00000000  RWIX
  ECAP1                 00006a00   00000020  00000020  00000000  RWIX
  ECAP2                 00006a20   00000020  00000020  00000000  RWIX
  ECAP3                 00006a40   00000020  00000020  00000000  RWIX
  ECAP4                 00006a60   00000020  00000020  00000000  RWIX
  ECAP5                 00006a80   00000020  00000020  00000000  RWIX
  ECAP6                 00006aa0   00000020  00000020  00000000  RWIX
  EQEP1                 00006b00   00000040  00000040  00000000  RWIX
  EQEP2                 00006b40   00000040  00000040  00000000  RWIX
  GPIOCTRL              00006f80   00000040  0000002e  00000012  RWIX
  GPIODAT               00006fc0   00000020  00000020  00000000  RWIX
  GPIOINT               00006fe0   00000020  0000000a  00000016  RWIX
  SYSTEM                00007010   00000020  00000020  00000000  RWIX
  SPIA                  00007040   00000010  00000010  00000000  RWIX
  SCIA                  00007050   00000010  00000010  00000000  RWIX
  XINTRUPT              00007070   00000010  00000010  00000000  RWIX
  ADC                   00007100   00000020  0000001e  00000002  RWIX
  SCIB                  00007750   00000010  00000010  00000000  RWIX
  SCIC                  00007770   00000010  00000010  00000000  RWIX
  I2CA                  00007900   00000040  00000022  0000001e  RWIX
  RAML4                 0000c000   00001000  0000072c  000008d4  RWIX
  RAML5                 0000d000   00001000  00000100  00000f00  RWIX
  RAML6                 0000e000   00001000  00000000  00001000  RWIX
  RAML7                 0000f000   00001000  00000000  00001000  RWIX
  ZONE7B                0020fc00   00000400  00000000  00000400  RWIX
  CSM_PWL               0033fff8   00000008  00000008  00000000  RWIX
  PARTID                00380090   00000001  00000001  00000000  RWIX


SECTION ALLOCATION MAP

 output                                  attributes/
section   page    origin      length       input sections
--------  ----  ----------  ----------   ----------------
.cinit     0    00008000    000000e0     
                  00008000    0000006e     MSECConfig.obj (.cinit)
                  0000806e    00000057     main_SO.obj (.cinit)
                  000080c5    0000000a     rts2800_ml.lib : exit.obj (.cinit)
                  000080cf    00000005                    : _lock.obj (.cinit:__lock)
                  000080d4    00000005                    : _lock.obj (.cinit:__unlock)
                  000080d9    00000005     conin.obj (.cinit)
                  000080de    00000002     --HOLE-- [fill = 0]

ramfuncs   0    000080e0    00000004     
                  000080e0    00000004     DSP2833x_usDelay.obj (ramfuncs)

.text      0    00009000    00000987     
                  00009000    000002d9     main_SO.obj (.text)
                  000092d9    0000018b     DSP2833x_DefaultIsr.obj (.text:retain)
                  00009464    000000f8     DSP2833x_SysCtrl.obj (.text)
                  0000955c    00000078     rts2800_ml.lib : fs_add.obj (.text)
                  000095d4    0000006a     DSP2833x_CpuTimers.obj (.text)
                  0000963e    00000061     comm.obj (.text)
                  0000969f    00000060     zcon.obj (.text)
                  000096ff    0000005d     conin.obj (.text)
                  0000975c    0000005a     rts2800_ml.lib : fs_mpy.obj (.text)
                  000097b6    00000044                    : boot.obj (.text)
                  000097fa    0000003a     main_SO.obj (.text:retain)
                  00009834    0000002e     idle.obj (.text)
                  00009862    0000002c     OSConfig.obj (.text)
                  0000988e    00000029     rts2800_ml.lib : fs_tol.obj (.text)
                  000098b7    00000028     DSP2833x_PieCtrl.obj (.text)
                  000098df    00000022     DSP2833x_PieVect.obj (.text)
                  00009901    0000001e     rts2800_ml.lib : ll_cmp.obj (.text)
                  0000991f    00000019                    : args_main.obj (.text)
                  00009938    00000019                    : exit.obj (.text)
                  00009951    00000013                    : ul_tofs.obj (.text)
                  00009964    0000000c                    : memset.obj (.text)
                  00009970    00000009                    : _lock.obj (.text)
                  00009979    00000007     conout.obj (.text)
                  00009980    00000007     scon.obj (.text)

.adc_cal   0    00380080    00000007     NOLOAD SECTION
                  00380080    00000007     DSP2833x_ADC_cal.obj (.adc_cal)

.stack     1    00000400    00000400     UNINITIALIZED
                  00000400    00000400     --HOLE--

DevEmuRegsFile 
*          1    00000880    000000d0     UNINITIALIZED
                  00000880    000000d0     DSP2833x_GlobalVariableDefs.obj (DevEmuRegsFile)

FlashRegsFile 
*          1    00000a80    00000008     UNINITIALIZED
                  00000a80    00000008     DSP2833x_GlobalVariableDefs.obj (FlashRegsFile)

CsmRegsFile 
*          1    00000ae0    00000010     UNINITIALIZED
                  00000ae0    00000010     DSP2833x_GlobalVariableDefs.obj (CsmRegsFile)

AdcMirrorFile 
*          1    00000b00    00000010     UNINITIALIZED
                  00000b00    00000010     DSP2833x_GlobalVariableDefs.obj (AdcMirrorFile)

XintfRegsFile 
*          1    00000b20    0000001e     UNINITIALIZED
                  00000b20    0000001e     DSP2833x_GlobalVariableDefs.obj (XintfRegsFile)

CpuTimer0RegsFile 
*          1    00000c00    00000008     UNINITIALIZED
                  00000c00    00000008     DSP2833x_GlobalVariableDefs.obj (CpuTimer0RegsFile)

CpuTimer1RegsFile 
*          1    00000c08    00000008     UNINITIALIZED
                  00000c08    00000008     DSP2833x_GlobalVariableDefs.obj (CpuTimer1RegsFile)

CpuTimer2RegsFile 
*          1    00000c10    00000008     UNINITIALIZED
                  00000c10    00000008     DSP2833x_GlobalVariableDefs.obj (CpuTimer2RegsFile)

PieCtrlRegsFile 
*          1    00000ce0    0000001a     UNINITIALIZED
                  00000ce0    0000001a     DSP2833x_GlobalVariableDefs.obj (PieCtrlRegsFile)

PieVectTableFile 
*          1    00000d00    00000100     UNINITIALIZED
                  00000d00    00000100     DSP2833x_GlobalVariableDefs.obj (PieVectTableFile)

DmaRegsFile 
*          1    00001000    000000e0     UNINITIALIZED
                  00001000    000000e0     DSP2833x_GlobalVariableDefs.obj (DmaRegsFile)

McbspaRegsFile 
*          1    00005000    00000025     UNINITIALIZED
                  00005000    00000025     DSP2833x_GlobalVariableDefs.obj (McbspaRegsFile)

McbspbRegsFile 
*          1    00005040    00000025     UNINITIALIZED
                  00005040    00000025     DSP2833x_GlobalVariableDefs.obj (McbspbRegsFile)

ECanaRegsFile 
*          1    00006000    00000034     UNINITIALIZED
                  00006000    00000034     DSP2833x_GlobalVariableDefs.obj (ECanaRegsFile)

ECanaLAMRegsFile 
*          1    00006040    00000040     UNINITIALIZED
                  00006040    00000040     DSP2833x_GlobalVariableDefs.obj (ECanaLAMRegsFile)

ECanaMOTSRegsFile 
*          1    00006080    00000040     UNINITIALIZED
                  00006080    00000040     DSP2833x_GlobalVariableDefs.obj (ECanaMOTSRegsFile)

ECanaMOTORegsFile 
*          1    000060c0    00000040     UNINITIALIZED
                  000060c0    00000040     DSP2833x_GlobalVariableDefs.obj (ECanaMOTORegsFile)

ECanaMboxesFile 
*          1    00006100    00000100     UNINITIALIZED
                  00006100    00000100     DSP2833x_GlobalVariableDefs.obj (ECanaMboxesFile)

ECanbRegsFile 
*          1    00006200    00000034     UNINITIALIZED
                  00006200    00000034     DSP2833x_GlobalVariableDefs.obj (ECanbRegsFile)

ECanbLAMRegsFile 
*          1    00006240    00000040     UNINITIALIZED
                  00006240    00000040     DSP2833x_GlobalVariableDefs.obj (ECanbLAMRegsFile)

ECanbMOTSRegsFile 
*          1    00006280    00000040     UNINITIALIZED
                  00006280    00000040     DSP2833x_GlobalVariableDefs.obj (ECanbMOTSRegsFile)

ECanbMOTORegsFile 
*          1    000062c0    00000040     UNINITIALIZED
                  000062c0    00000040     DSP2833x_GlobalVariableDefs.obj (ECanbMOTORegsFile)

ECanbMboxesFile 
*          1    00006300    00000100     UNINITIALIZED
                  00006300    00000100     DSP2833x_GlobalVariableDefs.obj (ECanbMboxesFile)

EPwm1RegsFile 
*          1    00006800    00000022     UNINITIALIZED
                  00006800    00000022     DSP2833x_GlobalVariableDefs.obj (EPwm1RegsFile)

EPwm2RegsFile 
*          1    00006840    00000022     UNINITIALIZED
                  00006840    00000022     DSP2833x_GlobalVariableDefs.obj (EPwm2RegsFile)

EPwm3RegsFile 
*          1    00006880    00000022     UNINITIALIZED
                  00006880    00000022     DSP2833x_GlobalVariableDefs.obj (EPwm3RegsFile)

EPwm4RegsFile 
*          1    000068c0    00000022     UNINITIALIZED
                  000068c0    00000022     DSP2833x_GlobalVariableDefs.obj (EPwm4RegsFile)

EPwm5RegsFile 
*          1    00006900    00000022     UNINITIALIZED
                  00006900    00000022     DSP2833x_GlobalVariableDefs.obj (EPwm5RegsFile)

EPwm6RegsFile 
*          1    00006940    00000022     UNINITIALIZED
                  00006940    00000022     DSP2833x_GlobalVariableDefs.obj (EPwm6RegsFile)

ECap1RegsFile 
*          1    00006a00    00000020     UNINITIALIZED
                  00006a00    00000020     DSP2833x_GlobalVariableDefs.obj (ECap1RegsFile)

ECap2RegsFile 
*          1    00006a20    00000020     UNINITIALIZED
                  00006a20    00000020     DSP2833x_GlobalVariableDefs.obj (ECap2RegsFile)

ECap3RegsFile 
*          1    00006a40    00000020     UNINITIALIZED
                  00006a40    00000020     DSP2833x_GlobalVariableDefs.obj (ECap3RegsFile)

ECap4RegsFile 
*          1    00006a60    00000020     UNINITIALIZED
                  00006a60    00000020     DSP2833x_GlobalVariableDefs.obj (ECap4RegsFile)

ECap5RegsFile 
*          1    00006a80    00000020     UNINITIALIZED
                  00006a80    00000020     DSP2833x_GlobalVariableDefs.obj (ECap5RegsFile)

ECap6RegsFile 
*          1    00006aa0    00000020     UNINITIALIZED
                  00006aa0    00000020     DSP2833x_GlobalVariableDefs.obj (ECap6RegsFile)

EQep1RegsFile 
*          1    00006b00    00000040     UNINITIALIZED
                  00006b00    00000040     DSP2833x_GlobalVariableDefs.obj (EQep1RegsFile)

EQep2RegsFile 
*          1    00006b40    00000040     UNINITIALIZED
                  00006b40    00000040     DSP2833x_GlobalVariableDefs.obj (EQep2RegsFile)

GpioCtrlRegsFile 
*          1    00006f80    0000002e     UNINITIALIZED
                  00006f80    0000002e     DSP2833x_GlobalVariableDefs.obj (GpioCtrlRegsFile)

GpioDataRegsFile 
*          1    00006fc0    00000020     UNINITIALIZED
                  00006fc0    00000020     DSP2833x_GlobalVariableDefs.obj (GpioDataRegsFile)

GpioIntRegsFile 
*          1    00006fe0    0000000a     UNINITIALIZED
                  00006fe0    0000000a     DSP2833x_GlobalVariableDefs.obj (GpioIntRegsFile)

SysCtrlRegsFile 
*          1    00007010    00000020     UNINITIALIZED
                  00007010    00000020     DSP2833x_GlobalVariableDefs.obj (SysCtrlRegsFile)

SpiaRegsFile 
*          1    00007040    00000010     UNINITIALIZED
                  00007040    00000010     DSP2833x_GlobalVariableDefs.obj (SpiaRegsFile)

SciaRegsFile 
*          1    00007050    00000010     UNINITIALIZED
                  00007050    00000010     DSP2833x_GlobalVariableDefs.obj (SciaRegsFile)

XIntruptRegsFile 
*          1    00007070    00000010     UNINITIALIZED
                  00007070    00000010     DSP2833x_GlobalVariableDefs.obj (XIntruptRegsFile)

AdcRegsFile 
*          1    00007100    0000001e     UNINITIALIZED
                  00007100    0000001e     DSP2833x_GlobalVariableDefs.obj (AdcRegsFile)

ScibRegsFile 
*          1    00007750    00000010     UNINITIALIZED
                  00007750    00000010     DSP2833x_GlobalVariableDefs.obj (ScibRegsFile)

ScicRegsFile 
*          1    00007770    00000010     UNINITIALIZED
                  00007770    00000010     DSP2833x_GlobalVariableDefs.obj (ScicRegsFile)

I2caRegsFile 
*          1    00007900    00000022     UNINITIALIZED
                  00007900    00000022     DSP2833x_GlobalVariableDefs.obj (I2caRegsFile)

.ebss      1    0000c000    0000072c     UNINITIALIZED
                  0000c000    000005c8     OSConfig.obj (.ebss)
                  0000c5c8    00000018     DSP2833x_CpuTimers.obj (.ebss)
                  0000c5e0    00000004     rts2800_ml.lib : exit.obj (.ebss)
                  0000c5e4    00000002                    : _lock.obj (.ebss:__lock)
                  0000c5e6    00000002                    : _lock.obj (.ebss:__unlock)
                  0000c5e8    00000002     conin.obj (.ebss)
                  0000c5ea    00000002     idle.obj (.ebss)
                  0000c5ec    00000014     --HOLE--
                  0000c600    00000094     main_SO.obj (.ebss)
                  0000c694    0000002c     --HOLE--
                  0000c6c0    0000006c     MSECConfig.obj (.ebss)

.econst    1    0000d000    00000100     
                  0000d000    00000100     DSP2833x_PieVect.obj (.econst)

CsmPwlFile 
*          1    0033fff8    00000008     UNINITIALIZED
                  0033fff8    00000008     DSP2833x_GlobalVariableDefs.obj (CsmPwlFile)

PartIdRegsFile 
*          1    00380090    00000001     UNINITIALIZED
                  00380090    00000001     DSP2833x_GlobalVariableDefs.obj (PartIdRegsFile)

.pinit     0    00008000    00000000     UNINITIALIZED

.reset     0    003fffc0    00000002     DSECT
                  003fffc0    00000002     rts2800_ml.lib : boot.obj (.reset)

csm_rsvd   0    0033ff80    00000000     DSECT

csmpasswds 
*          0    0033fff8    00000000     DSECT


GLOBAL DATA SYMBOLS: SORTED BY DATA PAGE

address     data page           name
--------    ----------------    ----
00000400      10 (00000400)     __stack

00000880      22 (00000880)     _DevEmuRegs

00000a80      2a (00000a80)     _FlashRegs

00000ae0      2b (00000ac0)     _CsmRegs

00000b00      2c (00000b00)     _AdcMirror
00000b20      2c (00000b00)     _XintfRegs

00000c00      30 (00000c00)     _CpuTimer0Regs
00000c08      30 (00000c00)     _CpuTimer1Regs
00000c10      30 (00000c00)     _CpuTimer2Regs

00000ce0      33 (00000cc0)     _PieCtrlRegs

00000d00      34 (00000d00)     _PieVectTable

00001000      40 (00001000)     _DmaRegs

00005000     140 (00005000)     _McbspaRegs

00005040     141 (00005040)     _McbspbRegs

00006000     180 (00006000)     _ECanaRegs

00006040     181 (00006040)     _ECanaLAMRegs

00006080     182 (00006080)     _ECanaMOTSRegs

000060c0     183 (000060c0)     _ECanaMOTORegs

00006100     184 (00006100)     _ECanaMboxes

00006200     188 (00006200)     _ECanbRegs

00006240     189 (00006240)     _ECanbLAMRegs

00006280     18a (00006280)     _ECanbMOTSRegs

000062c0     18b (000062c0)     _ECanbMOTORegs

00006300     18c (00006300)     _ECanbMboxes

00006800     1a0 (00006800)     _EPwm1Regs

00006840     1a1 (00006840)     _EPwm2Regs

00006880     1a2 (00006880)     _EPwm3Regs

000068c0     1a3 (000068c0)     _EPwm4Regs

00006900     1a4 (00006900)     _EPwm5Regs

00006940     1a5 (00006940)     _EPwm6Regs

00006a00     1a8 (00006a00)     _ECap1Regs
00006a20     1a8 (00006a00)     _ECap2Regs

00006a40     1a9 (00006a40)     _ECap3Regs
00006a60     1a9 (00006a40)     _ECap4Regs

00006a80     1aa (00006a80)     _ECap5Regs
00006aa0     1aa (00006a80)     _ECap6Regs

00006b00     1ac (00006b00)     _EQep1Regs

00006b40     1ad (00006b40)     _EQep2Regs

00006f80     1be (00006f80)     _GpioCtrlRegs

00006fc0     1bf (00006fc0)     _GpioDataRegs
00006fe0     1bf (00006fc0)     _GpioIntRegs

00007010     1c0 (00007000)     _SysCtrlRegs

00007040     1c1 (00007040)     _SpiaRegs
00007050     1c1 (00007040)     _SciaRegs
00007070     1c1 (00007040)     _XIntruptRegs

00007100     1c4 (00007100)     _AdcRegs

00007750     1dd (00007740)     _ScibRegs
00007770     1dd (00007740)     _ScicRegs

00007900     1e4 (00007900)     _I2caRegs

0000c000     300 (0000c000)     _TaskStack4_ConOut

0000c100     304 (0000c100)     _TaskStack5_Comm

0000c200     308 (0000c200)     _TaskStack3_ConIn

0000c300     30c (0000c300)     _TaskStack1_ZCon

0000c400     310 (0000c400)     _TaskStack2_SCon

0000c500     314 (0000c500)     _TaskStack0_Idle

0000c5c8     317 (0000c5c0)     _CpuTimer1
0000c5d0     317 (0000c5c0)     _CpuTimer2
0000c5d8     317 (0000c5c0)     _CpuTimer0
0000c5e0     317 (0000c5c0)     ___TI_cleanup_ptr
0000c5e2     317 (0000c5c0)     ___TI_dtors_ptr
0000c5e4     317 (0000c5c0)     __lock
0000c5e6     317 (0000c5c0)     __unlock
0000c5ea     317 (0000c5c0)     _IDLE__u32LoopCounter

0000c602     318 (0000c600)     _NextSchedulingDelay
0000c604     318 (0000c600)     _PtrStack_Global
0000c606     318 (0000c600)     _ActiveTask

0000c640     319 (0000c640)     _ReadyTasks

0000c6c0     31b (0000c6c0)     _SYS_SamplingPeriod
0000c6c1     31b (0000c6c0)     _SYS_ControlDomain
0000c6c2     31b (0000c6c0)     _SYS_MSECState
0000c6c4     31b (0000c6c0)     _SYS_a
0000c6d8     31b (0000c6c0)     _SYS_u

0000c700     31c (0000c700)     _SYS_y
0000c716     31c (0000c700)     _SYS_b

0000d000     340 (0000d000)     _PieVectTableInit

0033fff8    cfff (0033ffc0)     _CsmPwl

00380090    e002 (00380080)     _PartIdRegs


GLOBAL SYMBOLS: SORTED ALPHABETICALLY BY Name 

page  address   name                           
----  -------   ----                           
0     00009000  .text                          
0     00009938  C$$EXIT                        
0     00009561  FS$$ADD                        
0     0000975c  FS$$MPY                        
0     0000955c  FS$$SUB                        
0     0000988e  FS$$TOL                        
0     00009901  LL$$CMP                        
0     00009951  UL$$TOFS                       
0     00009913  ULL$$CMP                       
0     0000934c  _ADCINT_ISR                    
0     00380080  _ADC_cal                       
1     0000c606  _ActiveTask                    
1     00000b00  _AdcMirror                     
1     00007100  _AdcRegs                       
0     0000963e  _COMM_vInit                    
0     00009643  _COMM_vTask                    
0     0000971f  _CONIN__vBufferShift           
0     000096ff  _CONIN_vInit                   
0     00009700  _CONIN_vTask                   
0     00009979  _CONOUT_vInit                  
0     0000997a  _CONOUT_vTask                  
0     000092b6  _CheckTaskOverflow             
0     0000960d  _ConfigCpuTimer                
1     0000c5d8  _CpuTimer0                     
1     00000c00  _CpuTimer0Regs                 
1     0000c5c8  _CpuTimer1                     
1     00000c08  _CpuTimer1Regs                 
1     0000c5d0  _CpuTimer2                     
1     00000c10  _CpuTimer2Regs                 
1     0033fff8  _CsmPwl                        
1     00000ae0  _CsmRegs                       
0     0000952b  _CsmUnlock                     
0     000092e3  _DATALOG_ISR                   
0     000093dd  _DINTCH1_ISR                   
0     000093e2  _DINTCH2_ISR                   
0     000093e7  _DINTCH3_ISR                   
0     000093ec  _DINTCH4_ISR                   
0     000093f1  _DINTCH5_ISR                   
0     000093f6  _DINTCH6_ISR                   
0     000080e0  _DSP28x_usDelay                
1     00000880  _DevEmuRegs                    
0     00009477  _DisableDog                    
1     00001000  _DmaRegs                       
0     00009423  _ECAN0INTA_ISR                 
0     0000942d  _ECAN0INTB_ISR                 
0     00009428  _ECAN1INTA_ISR                 
0     00009432  _ECAN1INTB_ISR                 
0     00009397  _ECAP1_INT_ISR                 
0     0000939c  _ECAP2_INT_ISR                 
0     000093a1  _ECAP3_INT_ISR                 
0     000093a6  _ECAP4_INT_ISR                 
0     000093ab  _ECAP5_INT_ISR                 
0     000093b0  _ECAP6_INT_ISR                 
1     00006040  _ECanaLAMRegs                  
1     000060c0  _ECanaMOTORegs                 
1     00006080  _ECanaMOTSRegs                 
1     00006100  _ECanaMboxes                   
1     00006000  _ECanaRegs                     
1     00006240  _ECanbLAMRegs                  
1     000062c0  _ECanbMOTORegs                 
1     00006280  _ECanbMOTSRegs                 
1     00006300  _ECanbMboxes                   
1     00006200  _ECanbRegs                     
1     00006a00  _ECap1Regs                     
1     00006a20  _ECap2Regs                     
1     00006a40  _ECap3Regs                     
1     00006a60  _ECap4Regs                     
1     00006a80  _ECap5Regs                     
1     00006aa0  _ECap6Regs                     
0     000092ed  _EMUINT_ISR                    
0     00009379  _EPWM1_INT_ISR                 
0     0000935b  _EPWM1_TZINT_ISR               
0     0000937e  _EPWM2_INT_ISR                 
0     00009360  _EPWM2_TZINT_ISR               
0     00009383  _EPWM3_INT_ISR                 
0     00009365  _EPWM3_TZINT_ISR               
0     00009388  _EPWM4_INT_ISR                 
0     0000936a  _EPWM4_TZINT_ISR               
0     0000938d  _EPWM5_INT_ISR                 
0     0000936f  _EPWM5_TZINT_ISR               
0     00009392  _EPWM6_INT_ISR                 
0     00009374  _EPWM6_TZINT_ISR               
1     00006800  _EPwm1Regs                     
1     00006840  _EPwm2Regs                     
1     00006880  _EPwm3Regs                     
1     000068c0  _EPwm4Regs                     
1     00006900  _EPwm5Regs                     
1     00006940  _EPwm6Regs                     
0     000093b5  _EQEP1_INT_ISR                 
0     000093ba  _EQEP2_INT_ISR                 
1     00006b00  _EQep1Regs                     
1     00006b40  _EQep2Regs                     
0     00009210  _ElapsedTimeSinceLastScheduling
0     000098d6  _EnableInterrupts              
1     00000a80  _FlashRegs                     
1     00006f80  _GpioCtrlRegs                  
1     00006fc0  _GpioDataRegs                  
1     00006fe0  _GpioIntRegs                   
0     000093fb  _I2CINT1A_ISR                  
0     00009400  _I2CINT2A_ISR                  
1     00007900  _I2caRegs                      
1     0000c5ea  _IDLE__u32LoopCounter          
0     00009843  _IDLE_vDummy                   
0     00009834  _IDLE_vInit                    
0     00009839  _IDLE_vTask                    
0     000092f7  _ILLEGAL_ISR                   
0     000092d9  _INT13_ISR                     
0     000092de  _INT14_ISR                     
0     00009881  _InitBSP                       
0     000095d4  _InitCpuTimers                 
0     0000929c  _InitGpioLED                   
0     000094d0  _InitPeripheralClocks          
0     000098b7  _InitPieCtrl                   
0     000098df  _InitPieVectTable              
0     0000947f  _InitPll                       
0     00009017  _InitSO                        
0     0000916e  _InitStack                     
0     00009464  _InitSysCtrl                   
0     00009862  _InitTaskStacks                
0     00009455  _LUF_ISR                       
0     00009450  _LVF_ISR                       
0     000093d3  _MRINTA_ISR                    
0     000093c9  _MRINTB_ISR                    
0     000093d8  _MXINTA_ISR                    
0     000093ce  _MXINTB_ISR                    
1     00005000  _McbspaRegs                    
1     00005040  _McbspbRegs                    
0     000092f2  _NMI_ISR                       
1     0000c602  _NextSchedulingDelay           
0     0000903d  _OS_SCHEDULER                  
0     00009144  _OS_SLEEP                      
0     0000945a  _PIE_RESERVED                  
1     00380090  _PartIdRegs                    
1     00000ce0  _PieCtrlRegs                   
1     00000d00  _PieVectTable                  
1     0000d000  _PieVectTableInit              
1     0000c604  _PtrStack_Global               
0     000092e8  _RTOSINT_ISR                   
1     0000c640  _ReadyTasks                    
0     00009191  _RestoreInterruptedTaskContext 
0     000091c5  _RestoreSleptTaskContext       
0     0000940f  _SCIRXINTA_ISR                 
0     00009419  _SCIRXINTB_ISR                 
0     00009405  _SCIRXINTC_ISR                 
0     00009414  _SCITXINTA_ISR                 
0     0000941e  _SCITXINTB_ISR                 
0     0000940a  _SCITXINTC_ISR                 
0     00009980  _SCON_vInit                    
0     00009981  _SCON_vTask                    
0     00009338  _SEQ1INT_ISR                   
0     0000933d  _SEQ2INT_ISR                   
0     000093bf  _SPIRXINTA_ISR                 
0     000093c4  _SPITXINTA_ISR                 
1     0000c6c1  _SYS_ControlDomain             
1     0000c6c2  _SYS_MSECState                 
1     0000c6c0  _SYS_SamplingPeriod            
1     0000c6c4  _SYS_a                         
1     0000c716  _SYS_b                         
1     0000c6d8  _SYS_u                         
1     0000c700  _SYS_y                         
0     00009183  _SaveContextFromISR            
0     000091ae  _SaveContextFromSleep          
1     00007050  _SciaRegs                      
1     00007750  _ScibRegs                      
1     00007770  _ScicRegs                      
0     0000946d  _ServiceDog                    
0     000091e2  _SetAlarm                      
0     00009214  _Sort                          
1     00007040  _SpiaRegs                      
1     00007010  _SysCtrlRegs                   
0     00009351  _TINT0_ISR                     
1     0000c500  _TaskStack0_Idle               
1     0000c300  _TaskStack1_ZCon               
1     0000c400  _TaskStack2_SCon               
1     0000c200  _TaskStack3_ConIn              
1     0000c000  _TaskStack4_ConOut             
1     0000c100  _TaskStack5_Comm               
0     00009329  _USER10_ISR                    
0     0000932e  _USER11_ISR                    
0     00009333  _USER12_ISR                    
0     000092fc  _USER1_ISR                     
0     00009301  _USER2_ISR                     
0     00009306  _USER3_ISR                     
0     0000930b  _USER4_ISR                     
0     00009310  _USER5_ISR                     
0     00009315  _USER6_ISR                     
0     0000931a  _USER7_ISR                     
0     0000931f  _USER8_ISR                     
0     00009324  _USER9_ISR                     
0     00009270  _UpdateReadyTaskTime           
0     00009356  _WAKEINT_ISR                   
0     00009342  _XINT1_ISR                     
0     00009347  _XINT2_ISR                     
0     00009437  _XINT3_ISR                     
0     0000943c  _XINT4_ISR                     
0     00009441  _XINT5_ISR                     
0     00009446  _XINT6_ISR                     
0     0000944b  _XINT7_ISR                     
1     00007070  _XIntruptRegs                  
1     00000b20  _XintfRegs                     
0     0000969f  _ZCON_vInit                    
0     000096a0  _ZCON_vTask                    
1     00000800  __STACK_END                    
abs   00000400  __STACK_SIZE                   
1     0000c5e0  ___TI_cleanup_ptr              
1     0000c5e2  ___TI_dtors_ptr                
abs   ffffffff  ___binit__                     
abs   ffffffff  ___c_args__                    
0     00008000  ___cinit__                     
0     00009987  ___etext__                     
abs   ffffffff  ___pinit__                     
0     00009000  ___text__                      
0     0000991f  __args_main                    
1     0000c5e4  __lock                         
0     00009978  __nop                          
0     00009974  __register_lock                
0     00009970  __register_unlock              
1     00000400  __stack                        
1     0000c5e6  __unlock                       
0     00009938  _abort                         
0     000097b6  _c_int00                       
0     000097fa  _cpu_timer0_isr                
0     0000993a  _exit                          
0     00009000  _main                          
0     00009964  _memset                        
0     0000945f  _rsvd_ISR                      
abs   ffffffff  binit                          
0     00008000  cinit                          
0     00009987  etext                          
abs   ffffffff  pinit                          


GLOBAL SYMBOLS: SORTED BY Symbol Address 

page  address   name                           
----  -------   ----                           
0     00008000  ___cinit__                     
0     00008000  cinit                          
0     000080e0  _DSP28x_usDelay                
0     00009000  .text                          
0     00009000  ___text__                      
0     00009000  _main                          
0     00009017  _InitSO                        
0     0000903d  _OS_SCHEDULER                  
0     00009144  _OS_SLEEP                      
0     0000916e  _InitStack                     
0     00009183  _SaveContextFromISR            
0     00009191  _RestoreInterruptedTaskContext 
0     000091ae  _SaveContextFromSleep          
0     000091c5  _RestoreSleptTaskContext       
0     000091e2  _SetAlarm                      
0     00009210  _ElapsedTimeSinceLastScheduling
0     00009214  _Sort                          
0     00009270  _UpdateReadyTaskTime           
0     0000929c  _InitGpioLED                   
0     000092b6  _CheckTaskOverflow             
0     000092d9  _INT13_ISR                     
0     000092de  _INT14_ISR                     
0     000092e3  _DATALOG_ISR                   
0     000092e8  _RTOSINT_ISR                   
0     000092ed  _EMUINT_ISR                    
0     000092f2  _NMI_ISR                       
0     000092f7  _ILLEGAL_ISR                   
0     000092fc  _USER1_ISR                     
0     00009301  _USER2_ISR                     
0     00009306  _USER3_ISR                     
0     0000930b  _USER4_ISR                     
0     00009310  _USER5_ISR                     
0     00009315  _USER6_ISR                     
0     0000931a  _USER7_ISR                     
0     0000931f  _USER8_ISR                     
0     00009324  _USER9_ISR                     
0     00009329  _USER10_ISR                    
0     0000932e  _USER11_ISR                    
0     00009333  _USER12_ISR                    
0     00009338  _SEQ1INT_ISR                   
0     0000933d  _SEQ2INT_ISR                   
0     00009342  _XINT1_ISR                     
0     00009347  _XINT2_ISR                     
0     0000934c  _ADCINT_ISR                    
0     00009351  _TINT0_ISR                     
0     00009356  _WAKEINT_ISR                   
0     0000935b  _EPWM1_TZINT_ISR               
0     00009360  _EPWM2_TZINT_ISR               
0     00009365  _EPWM3_TZINT_ISR               
0     0000936a  _EPWM4_TZINT_ISR               
0     0000936f  _EPWM5_TZINT_ISR               
0     00009374  _EPWM6_TZINT_ISR               
0     00009379  _EPWM1_INT_ISR                 
0     0000937e  _EPWM2_INT_ISR                 
0     00009383  _EPWM3_INT_ISR                 
0     00009388  _EPWM4_INT_ISR                 
0     0000938d  _EPWM5_INT_ISR                 
0     00009392  _EPWM6_INT_ISR                 
0     00009397  _ECAP1_INT_ISR                 
0     0000939c  _ECAP2_INT_ISR                 
0     000093a1  _ECAP3_INT_ISR                 
0     000093a6  _ECAP4_INT_ISR                 
0     000093ab  _ECAP5_INT_ISR                 
0     000093b0  _ECAP6_INT_ISR                 
0     000093b5  _EQEP1_INT_ISR                 
0     000093ba  _EQEP2_INT_ISR                 
0     000093bf  _SPIRXINTA_ISR                 
0     000093c4  _SPITXINTA_ISR                 
0     000093c9  _MRINTB_ISR                    
0     000093ce  _MXINTB_ISR                    
0     000093d3  _MRINTA_ISR                    
0     000093d8  _MXINTA_ISR                    
0     000093dd  _DINTCH1_ISR                   
0     000093e2  _DINTCH2_ISR                   
0     000093e7  _DINTCH3_ISR                   
0     000093ec  _DINTCH4_ISR                   
0     000093f1  _DINTCH5_ISR                   
0     000093f6  _DINTCH6_ISR                   
0     000093fb  _I2CINT1A_ISR                  
0     00009400  _I2CINT2A_ISR                  
0     00009405  _SCIRXINTC_ISR                 
0     0000940a  _SCITXINTC_ISR                 
0     0000940f  _SCIRXINTA_ISR                 
0     00009414  _SCITXINTA_ISR                 
0     00009419  _SCIRXINTB_ISR                 
0     0000941e  _SCITXINTB_ISR                 
0     00009423  _ECAN0INTA_ISR                 
0     00009428  _ECAN1INTA_ISR                 
0     0000942d  _ECAN0INTB_ISR                 
0     00009432  _ECAN1INTB_ISR                 
0     00009437  _XINT3_ISR                     
0     0000943c  _XINT4_ISR                     
0     00009441  _XINT5_ISR                     
0     00009446  _XINT6_ISR                     
0     0000944b  _XINT7_ISR                     
0     00009450  _LVF_ISR                       
0     00009455  _LUF_ISR                       
0     0000945a  _PIE_RESERVED                  
0     0000945f  _rsvd_ISR                      
0     00009464  _InitSysCtrl                   
0     0000946d  _ServiceDog                    
0     00009477  _DisableDog                    
0     0000947f  _InitPll                       
0     000094d0  _InitPeripheralClocks          
0     0000952b  _CsmUnlock                     
0     0000955c  FS$$SUB                        
0     00009561  FS$$ADD                        
0     000095d4  _InitCpuTimers                 
0     0000960d  _ConfigCpuTimer                
0     0000963e  _COMM_vInit                    
0     00009643  _COMM_vTask                    
0     0000969f  _ZCON_vInit                    
0     000096a0  _ZCON_vTask                    
0     000096ff  _CONIN_vInit                   
0     00009700  _CONIN_vTask                   
0     0000971f  _CONIN__vBufferShift           
0     0000975c  FS$$MPY                        
0     000097b6  _c_int00                       
0     000097fa  _cpu_timer0_isr                
0     00009834  _IDLE_vInit                    
0     00009839  _IDLE_vTask                    
0     00009843  _IDLE_vDummy                   
0     00009862  _InitTaskStacks                
0     00009881  _InitBSP                       
0     0000988e  FS$$TOL                        
0     000098b7  _InitPieCtrl                   
0     000098d6  _EnableInterrupts              
0     000098df  _InitPieVectTable              
0     00009901  LL$$CMP                        
0     00009913  ULL$$CMP                       
0     0000991f  __args_main                    
0     00009938  C$$EXIT                        
0     00009938  _abort                         
0     0000993a  _exit                          
0     00009951  UL$$TOFS                       
0     00009964  _memset                        
0     00009970  __register_unlock              
0     00009974  __register_lock                
0     00009978  __nop                          
0     00009979  _CONOUT_vInit                  
0     0000997a  _CONOUT_vTask                  
0     00009980  _SCON_vInit                    
0     00009981  _SCON_vTask                    
0     00009987  ___etext__                     
0     00009987  etext                          
0     00380080  _ADC_cal                       
1     00000400  __stack                        
1     00000800  __STACK_END                    
1     00000880  _DevEmuRegs                    
1     00000a80  _FlashRegs                     
1     00000ae0  _CsmRegs                       
1     00000b00  _AdcMirror                     
1     00000b20  _XintfRegs                     
1     00000c00  _CpuTimer0Regs                 
1     00000c08  _CpuTimer1Regs                 
1     00000c10  _CpuTimer2Regs                 
1     00000ce0  _PieCtrlRegs                   
1     00000d00  _PieVectTable                  
1     00001000  _DmaRegs                       
1     00005000  _McbspaRegs                    
1     00005040  _McbspbRegs                    
1     00006000  _ECanaRegs                     
1     00006040  _ECanaLAMRegs                  
1     00006080  _ECanaMOTSRegs                 
1     000060c0  _ECanaMOTORegs                 
1     00006100  _ECanaMboxes                   
1     00006200  _ECanbRegs                     
1     00006240  _ECanbLAMRegs                  
1     00006280  _ECanbMOTSRegs                 
1     000062c0  _ECanbMOTORegs                 
1     00006300  _ECanbMboxes                   
1     00006800  _EPwm1Regs                     
1     00006840  _EPwm2Regs                     
1     00006880  _EPwm3Regs                     
1     000068c0  _EPwm4Regs                     
1     00006900  _EPwm5Regs                     
1     00006940  _EPwm6Regs                     
1     00006a00  _ECap1Regs                     
1     00006a20  _ECap2Regs                     
1     00006a40  _ECap3Regs                     
1     00006a60  _ECap4Regs                     
1     00006a80  _ECap5Regs                     
1     00006aa0  _ECap6Regs                     
1     00006b00  _EQep1Regs                     
1     00006b40  _EQep2Regs                     
1     00006f80  _GpioCtrlRegs                  
1     00006fc0  _GpioDataRegs                  
1     00006fe0  _GpioIntRegs                   
1     00007010  _SysCtrlRegs                   
1     00007040  _SpiaRegs                      
1     00007050  _SciaRegs                      
1     00007070  _XIntruptRegs                  
1     00007100  _AdcRegs                       
1     00007750  _ScibRegs                      
1     00007770  _ScicRegs                      
1     00007900  _I2caRegs                      
1     0000c000  _TaskStack4_ConOut             
1     0000c100  _TaskStack5_Comm               
1     0000c200  _TaskStack3_ConIn              
1     0000c300  _TaskStack1_ZCon               
1     0000c400  _TaskStack2_SCon               
1     0000c500  _TaskStack0_Idle               
1     0000c5c8  _CpuTimer1                     
1     0000c5d0  _CpuTimer2                     
1     0000c5d8  _CpuTimer0                     
1     0000c5e0  ___TI_cleanup_ptr              
1     0000c5e2  ___TI_dtors_ptr                
1     0000c5e4  __lock                         
1     0000c5e6  __unlock                       
1     0000c5ea  _IDLE__u32LoopCounter          
1     0000c602  _NextSchedulingDelay           
1     0000c604  _PtrStack_Global               
1     0000c606  _ActiveTask                    
1     0000c640  _ReadyTasks                    
1     0000c6c0  _SYS_SamplingPeriod            
1     0000c6c1  _SYS_ControlDomain             
1     0000c6c2  _SYS_MSECState                 
1     0000c6c4  _SYS_a                         
1     0000c6d8  _SYS_u                         
1     0000c700  _SYS_y                         
1     0000c716  _SYS_b                         
1     0000d000  _PieVectTableInit              
1     0033fff8  _CsmPwl                        
1     00380090  _PartIdRegs                    
abs   00000400  __STACK_SIZE                   
abs   ffffffff  ___binit__                     
abs   ffffffff  ___c_args__                    
abs   ffffffff  ___pinit__                     
abs   ffffffff  binit                          
abs   ffffffff  pinit                          

[230 symbols]
